// Jest Snapshot v1, https://goo.gl/fbAQLP

exports[`Valid Stack 1`] = `
Object {
  "Outputs": Object {
    "RestApiEndpoint0551178A": Object {
      "Value": Object {
        "Fn::Join": Array [
          "",
          Array [
            "https://",
            Object {
              "Ref": "RestApi0C43BF4B",
            },
            ".execute-api.",
            Object {
              "Ref": "AWS::Region",
            },
            ".",
            Object {
              "Ref": "AWS::URLSuffix",
            },
            "/",
            Object {
              "Ref": "RestApiDeploymentStageprod3855DE66",
            },
            "/",
          ],
        ],
      },
    },
  },
  "Parameters": Object {
    "AssetParametersecc8adfc20551d4bd38885ded9614fdc40ff3d3dffe67427083214c8f5ccc2c9ArtifactHash09011CD0": Object {
      "Description": "Artifact hash for asset \\"ecc8adfc20551d4bd38885ded9614fdc40ff3d3dffe67427083214c8f5ccc2c9\\"",
      "Type": "String",
    },
    "AssetParametersecc8adfc20551d4bd38885ded9614fdc40ff3d3dffe67427083214c8f5ccc2c9S3Bucket74FDE025": Object {
      "Description": "S3 bucket for asset \\"ecc8adfc20551d4bd38885ded9614fdc40ff3d3dffe67427083214c8f5ccc2c9\\"",
      "Type": "String",
    },
    "AssetParametersecc8adfc20551d4bd38885ded9614fdc40ff3d3dffe67427083214c8f5ccc2c9S3VersionKeyAD0EB4C7": Object {
      "Description": "S3 key for asset version \\"ecc8adfc20551d4bd38885ded9614fdc40ff3d3dffe67427083214c8f5ccc2c9\\"",
      "Type": "String",
    },
  },
  "Resources": Object {
    "LambdaD247545B": Object {
      "DependsOn": Array [
        "LambdaServiceRoleA8ED4D3B",
      ],
      "Properties": Object {
        "Code": Object {
          "S3Bucket": Object {
            "Ref": "AssetParametersecc8adfc20551d4bd38885ded9614fdc40ff3d3dffe67427083214c8f5ccc2c9S3Bucket74FDE025",
          },
          "S3Key": Object {
            "Fn::Join": Array [
              "",
              Array [
                Object {
                  "Fn::Select": Array [
                    0,
                    Object {
                      "Fn::Split": Array [
                        "||",
                        Object {
                          "Ref": "AssetParametersecc8adfc20551d4bd38885ded9614fdc40ff3d3dffe67427083214c8f5ccc2c9S3VersionKeyAD0EB4C7",
                        },
                      ],
                    },
                  ],
                },
                Object {
                  "Fn::Select": Array [
                    1,
                    Object {
                      "Fn::Split": Array [
                        "||",
                        Object {
                          "Ref": "AssetParametersecc8adfc20551d4bd38885ded9614fdc40ff3d3dffe67427083214c8f5ccc2c9S3VersionKeyAD0EB4C7",
                        },
                      ],
                    },
                  ],
                },
              ],
            ],
          },
        },
        "Description": "backlog-issue-validator",
        "Environment": Object {
          "Variables": Object {
            "BACKLOG_API_KEY": "xxxxxxxx",
            "BACKLOG_BASE_URL": "https://example.backlog.jp/",
          },
        },
        "FunctionName": "MyTestStack-LambdaFunction",
        "Handler": "index.handler",
        "MemorySize": 128,
        "Role": Object {
          "Fn::GetAtt": Array [
            "LambdaServiceRoleA8ED4D3B",
            "Arn",
          ],
        },
        "Runtime": "nodejs12.x",
        "Timeout": 30,
      },
      "Type": "AWS::Lambda::Function",
    },
    "LambdaServiceRoleA8ED4D3B": Object {
      "Properties": Object {
        "AssumeRolePolicyDocument": Object {
          "Statement": Array [
            Object {
              "Action": "sts:AssumeRole",
              "Effect": "Allow",
              "Principal": Object {
                "Service": "lambda.amazonaws.com",
              },
            },
          ],
          "Version": "2012-10-17",
        },
        "ManagedPolicyArns": Array [
          Object {
            "Fn::Join": Array [
              "",
              Array [
                "arn:",
                Object {
                  "Ref": "AWS::Partition",
                },
                ":iam::aws:policy/service-role/AWSLambdaBasicExecutionRole",
              ],
            ],
          },
        ],
      },
      "Type": "AWS::IAM::Role",
    },
    "RestApi0C43BF4B": Object {
      "Properties": Object {
        "Description": "backlog-issue-validator",
        "Name": "MyTestStack-API",
      },
      "Type": "AWS::ApiGateway::RestApi",
    },
    "RestApiAccount7C83CF5A": Object {
      "DependsOn": Array [
        "RestApi0C43BF4B",
      ],
      "Properties": Object {
        "CloudWatchRoleArn": Object {
          "Fn::GetAtt": Array [
            "RestApiCloudWatchRoleE3ED6605",
            "Arn",
          ],
        },
      },
      "Type": "AWS::ApiGateway::Account",
    },
    "RestApiCloudWatchRoleE3ED6605": Object {
      "Properties": Object {
        "AssumeRolePolicyDocument": Object {
          "Statement": Array [
            Object {
              "Action": "sts:AssumeRole",
              "Effect": "Allow",
              "Principal": Object {
                "Service": "apigateway.amazonaws.com",
              },
            },
          ],
          "Version": "2012-10-17",
        },
        "ManagedPolicyArns": Array [
          Object {
            "Fn::Join": Array [
              "",
              Array [
                "arn:",
                Object {
                  "Ref": "AWS::Partition",
                },
                ":iam::aws:policy/service-role/AmazonAPIGatewayPushToCloudWatchLogs",
              ],
            ],
          },
        ],
      },
      "Type": "AWS::IAM::Role",
    },
    "RestApiDeployment180EC5038521cee3d62e35cec6f9f59241cb95eb": Object {
      "DependsOn": Array [
        "RestApiPOSTEF2EB351",
      ],
      "Properties": Object {
        "Description": "Automatically created by the RestApi construct",
        "RestApiId": Object {
          "Ref": "RestApi0C43BF4B",
        },
      },
      "Type": "AWS::ApiGateway::Deployment",
    },
    "RestApiDeploymentStageprod3855DE66": Object {
      "Properties": Object {
        "DeploymentId": Object {
          "Ref": "RestApiDeployment180EC5038521cee3d62e35cec6f9f59241cb95eb",
        },
        "RestApiId": Object {
          "Ref": "RestApi0C43BF4B",
        },
        "StageName": "prod",
      },
      "Type": "AWS::ApiGateway::Stage",
    },
    "RestApiPOSTApiPermissionMyTestStackRestApi13257D94POST494FAF80": Object {
      "Properties": Object {
        "Action": "lambda:InvokeFunction",
        "FunctionName": Object {
          "Fn::GetAtt": Array [
            "LambdaD247545B",
            "Arn",
          ],
        },
        "Principal": "apigateway.amazonaws.com",
        "SourceArn": Object {
          "Fn::Join": Array [
            "",
            Array [
              "arn:",
              Object {
                "Ref": "AWS::Partition",
              },
              ":execute-api:",
              Object {
                "Ref": "AWS::Region",
              },
              ":",
              Object {
                "Ref": "AWS::AccountId",
              },
              ":",
              Object {
                "Ref": "RestApi0C43BF4B",
              },
              "/",
              Object {
                "Ref": "RestApiDeploymentStageprod3855DE66",
              },
              "/POST/",
            ],
          ],
        },
      },
      "Type": "AWS::Lambda::Permission",
    },
    "RestApiPOSTApiPermissionTestMyTestStackRestApi13257D94POSTFAB8BEAB": Object {
      "Properties": Object {
        "Action": "lambda:InvokeFunction",
        "FunctionName": Object {
          "Fn::GetAtt": Array [
            "LambdaD247545B",
            "Arn",
          ],
        },
        "Principal": "apigateway.amazonaws.com",
        "SourceArn": Object {
          "Fn::Join": Array [
            "",
            Array [
              "arn:",
              Object {
                "Ref": "AWS::Partition",
              },
              ":execute-api:",
              Object {
                "Ref": "AWS::Region",
              },
              ":",
              Object {
                "Ref": "AWS::AccountId",
              },
              ":",
              Object {
                "Ref": "RestApi0C43BF4B",
              },
              "/test-invoke-stage/POST/",
            ],
          ],
        },
      },
      "Type": "AWS::Lambda::Permission",
    },
    "RestApiPOSTEF2EB351": Object {
      "Properties": Object {
        "AuthorizationType": "NONE",
        "HttpMethod": "POST",
        "Integration": Object {
          "IntegrationHttpMethod": "POST",
          "Type": "AWS_PROXY",
          "Uri": Object {
            "Fn::Join": Array [
              "",
              Array [
                "arn:",
                Object {
                  "Ref": "AWS::Partition",
                },
                ":apigateway:",
                Object {
                  "Ref": "AWS::Region",
                },
                ":lambda:path/2015-03-31/functions/",
                Object {
                  "Fn::GetAtt": Array [
                    "LambdaD247545B",
                    "Arn",
                  ],
                },
                "/invocations",
              ],
            ],
          },
        },
        "ResourceId": Object {
          "Fn::GetAtt": Array [
            "RestApi0C43BF4B",
            "RootResourceId",
          ],
        },
        "RestApiId": Object {
          "Ref": "RestApi0C43BF4B",
        },
      },
      "Type": "AWS::ApiGateway::Method",
    },
  },
}
`;
